mode: set
github.com/Kimidarious/projeto-pratico-neocamp-wave15-squad68.git/internal/service/follow_service.go:24.113,29.2 1 1
github.com/Kimidarious/projeto-pratico-neocamp-wave15-squad68.git/internal/service/follow_service.go:32.75,34.30 1 1
github.com/Kimidarious/projeto-pratico-neocamp-wave15-squad68.git/internal/service/follow_service.go:34.30,36.3 1 1
github.com/Kimidarious/projeto-pratico-neocamp-wave15-squad68.git/internal/service/follow_service.go:39.2,39.40 1 1
github.com/Kimidarious/projeto-pratico-neocamp-wave15-squad68.git/internal/service/follow_service.go:39.40,41.3 1 0
github.com/Kimidarious/projeto-pratico-neocamp-wave15-squad68.git/internal/service/follow_service.go:42.2,42.40 1 1
github.com/Kimidarious/projeto-pratico-neocamp-wave15-squad68.git/internal/service/follow_service.go:42.40,44.3 1 1
github.com/Kimidarious/projeto-pratico-neocamp-wave15-squad68.git/internal/service/follow_service.go:47.2,47.54 1 1
github.com/Kimidarious/projeto-pratico-neocamp-wave15-squad68.git/internal/service/follow_service.go:47.54,49.3 1 1
github.com/Kimidarious/projeto-pratico-neocamp-wave15-squad68.git/internal/service/follow_service.go:51.2,56.36 2 1
github.com/Kimidarious/projeto-pratico-neocamp-wave15-squad68.git/internal/service/follow_service.go:60.77,62.30 1 1
github.com/Kimidarious/projeto-pratico-neocamp-wave15-squad68.git/internal/service/follow_service.go:62.30,64.3 1 0
github.com/Kimidarious/projeto-pratico-neocamp-wave15-squad68.git/internal/service/follow_service.go:67.2,67.55 1 1
github.com/Kimidarious/projeto-pratico-neocamp-wave15-squad68.git/internal/service/follow_service.go:67.55,69.3 1 1
github.com/Kimidarious/projeto-pratico-neocamp-wave15-squad68.git/internal/service/follow_service.go:71.2,71.52 1 1
github.com/Kimidarious/projeto-pratico-neocamp-wave15-squad68.git/internal/service/follow_service.go:75.102,77.16 2 1
github.com/Kimidarious/projeto-pratico-neocamp-wave15-squad68.git/internal/service/follow_service.go:77.16,79.3 1 0
github.com/Kimidarious/projeto-pratico-neocamp-wave15-squad68.git/internal/service/follow_service.go:81.2,87.8 2 1
github.com/Kimidarious/projeto-pratico-neocamp-wave15-squad68.git/internal/service/follow_service.go:91.114,93.16 2 1
github.com/Kimidarious/projeto-pratico-neocamp-wave15-squad68.git/internal/service/follow_service.go:93.16,95.3 1 0
github.com/Kimidarious/projeto-pratico-neocamp-wave15-squad68.git/internal/service/follow_service.go:97.2,98.16 2 1
github.com/Kimidarious/projeto-pratico-neocamp-wave15-squad68.git/internal/service/follow_service.go:98.16,100.3 1 0
github.com/Kimidarious/projeto-pratico-neocamp-wave15-squad68.git/internal/service/follow_service.go:103.2,104.30 2 1
github.com/Kimidarious/projeto-pratico-neocamp-wave15-squad68.git/internal/service/follow_service.go:104.30,109.3 1 1
github.com/Kimidarious/projeto-pratico-neocamp-wave15-squad68.git/internal/service/follow_service.go:111.2,115.8 1 1
github.com/Kimidarious/projeto-pratico-neocamp-wave15-squad68.git/internal/service/follow_service.go:119.112,121.16 2 1
github.com/Kimidarious/projeto-pratico-neocamp-wave15-squad68.git/internal/service/follow_service.go:121.16,123.3 1 0
github.com/Kimidarious/projeto-pratico-neocamp-wave15-squad68.git/internal/service/follow_service.go:125.2,126.16 2 1
github.com/Kimidarious/projeto-pratico-neocamp-wave15-squad68.git/internal/service/follow_service.go:126.16,128.3 1 0
github.com/Kimidarious/projeto-pratico-neocamp-wave15-squad68.git/internal/service/follow_service.go:131.2,132.29 2 1
github.com/Kimidarious/projeto-pratico-neocamp-wave15-squad68.git/internal/service/follow_service.go:132.29,137.3 1 1
github.com/Kimidarious/projeto-pratico-neocamp-wave15-squad68.git/internal/service/follow_service.go:139.2,143.8 1 1
github.com/Kimidarious/projeto-pratico-neocamp-wave15-squad68.git/internal/service/post_service.go:33.15,40.2 1 1
github.com/Kimidarious/projeto-pratico-neocamp-wave15-squad68.git/internal/service/post_service.go:43.75,45.40 1 1
github.com/Kimidarious/projeto-pratico-neocamp-wave15-squad68.git/internal/service/post_service.go:45.40,47.3 1 0
github.com/Kimidarious/projeto-pratico-neocamp-wave15-squad68.git/internal/service/post_service.go:49.2,50.16 2 1
github.com/Kimidarious/projeto-pratico-neocamp-wave15-squad68.git/internal/service/post_service.go:50.16,52.3 1 1
github.com/Kimidarious/projeto-pratico-neocamp-wave15-squad68.git/internal/service/post_service.go:54.2,62.54 2 1
github.com/Kimidarious/projeto-pratico-neocamp-wave15-squad68.git/internal/service/post_service.go:62.54,64.3 1 0
github.com/Kimidarious/projeto-pratico-neocamp-wave15-squad68.git/internal/service/post_service.go:73.2,83.32 2 1
github.com/Kimidarious/projeto-pratico-neocamp-wave15-squad68.git/internal/service/post_service.go:87.85,89.40 1 1
github.com/Kimidarious/projeto-pratico-neocamp-wave15-squad68.git/internal/service/post_service.go:89.40,91.3 1 0
github.com/Kimidarious/projeto-pratico-neocamp-wave15-squad68.git/internal/service/post_service.go:94.2,94.44 1 1
github.com/Kimidarious/projeto-pratico-neocamp-wave15-squad68.git/internal/service/post_service.go:94.44,96.3 1 1
github.com/Kimidarious/projeto-pratico-neocamp-wave15-squad68.git/internal/service/post_service.go:99.2,107.54 2 1
github.com/Kimidarious/projeto-pratico-neocamp-wave15-squad68.git/internal/service/post_service.go:107.54,109.3 1 0
github.com/Kimidarious/projeto-pratico-neocamp-wave15-squad68.git/internal/service/post_service.go:112.2,113.16 2 1
github.com/Kimidarious/projeto-pratico-neocamp-wave15-squad68.git/internal/service/post_service.go:113.16,115.3 1 0
github.com/Kimidarious/projeto-pratico-neocamp-wave15-squad68.git/internal/service/post_service.go:118.2,128.32 2 1
github.com/Kimidarious/projeto-pratico-neocamp-wave15-squad68.git/internal/service/post_service.go:132.107,135.16 2 1
github.com/Kimidarious/projeto-pratico-neocamp-wave15-squad68.git/internal/service/post_service.go:135.16,137.3 1 0
github.com/Kimidarious/projeto-pratico-neocamp-wave15-squad68.git/internal/service/post_service.go:139.2,139.24 1 1
github.com/Kimidarious/projeto-pratico-neocamp-wave15-squad68.git/internal/service/post_service.go:139.24,144.3 1 1
github.com/Kimidarious/projeto-pratico-neocamp-wave15-squad68.git/internal/service/post_service.go:147.2,148.29 2 1
github.com/Kimidarious/projeto-pratico-neocamp-wave15-squad68.git/internal/service/post_service.go:148.29,150.3 1 1
github.com/Kimidarious/projeto-pratico-neocamp-wave15-squad68.git/internal/service/post_service.go:153.2,158.16 4 1
github.com/Kimidarious/projeto-pratico-neocamp-wave15-squad68.git/internal/service/post_service.go:158.16,160.3 1 0
github.com/Kimidarious/projeto-pratico-neocamp-wave15-squad68.git/internal/service/post_service.go:163.2,164.26 2 1
github.com/Kimidarious/projeto-pratico-neocamp-wave15-squad68.git/internal/service/post_service.go:164.26,182.3 1 1
github.com/Kimidarious/projeto-pratico-neocamp-wave15-squad68.git/internal/service/post_service.go:184.2,187.8 1 1
github.com/Kimidarious/projeto-pratico-neocamp-wave15-squad68.git/internal/service/post_service.go:191.97,193.16 2 1
github.com/Kimidarious/projeto-pratico-neocamp-wave15-squad68.git/internal/service/post_service.go:193.16,195.3 1 0
github.com/Kimidarious/projeto-pratico-neocamp-wave15-squad68.git/internal/service/post_service.go:197.2,203.8 2 1
github.com/Kimidarious/projeto-pratico-neocamp-wave15-squad68.git/internal/service/post_service.go:206.96,208.36 1 1
github.com/Kimidarious/projeto-pratico-neocamp-wave15-squad68.git/internal/service/post_service.go:208.36,210.3 1 1
github.com/Kimidarious/projeto-pratico-neocamp-wave15-squad68.git/internal/service/post_service.go:212.2,213.16 2 1
github.com/Kimidarious/projeto-pratico-neocamp-wave15-squad68.git/internal/service/post_service.go:213.16,215.3 1 0
github.com/Kimidarious/projeto-pratico-neocamp-wave15-squad68.git/internal/service/post_service.go:217.2,218.26 2 1
github.com/Kimidarious/projeto-pratico-neocamp-wave15-squad68.git/internal/service/post_service.go:218.26,236.3 1 1
github.com/Kimidarious/projeto-pratico-neocamp-wave15-squad68.git/internal/service/post_service.go:238.2,241.8 1 1
github.com/Kimidarious/projeto-pratico-neocamp-wave15-squad68.git/internal/service/user_service.go:22.69,26.2 1 1
github.com/Kimidarious/projeto-pratico-neocamp-wave15-squad68.git/internal/service/user_service.go:28.103,30.23 1 1
github.com/Kimidarious/projeto-pratico-neocamp-wave15-squad68.git/internal/service/user_service.go:30.23,32.6 1 0
github.com/Kimidarious/projeto-pratico-neocamp-wave15-squad68.git/internal/service/user_service.go:34.5,34.113 1 1
github.com/Kimidarious/projeto-pratico-neocamp-wave15-squad68.git/internal/service/user_service.go:34.113,36.6 1 1
github.com/Kimidarious/projeto-pratico-neocamp-wave15-squad68.git/internal/service/user_service.go:39.5,40.28 2 1
github.com/Kimidarious/projeto-pratico-neocamp-wave15-squad68.git/internal/service/user_service.go:40.28,42.6 1 1
github.com/Kimidarious/projeto-pratico-neocamp-wave15-squad68.git/internal/service/user_service.go:44.5,49.51 2 1
github.com/Kimidarious/projeto-pratico-neocamp-wave15-squad68.git/internal/service/user_service.go:49.51,51.6 1 0
github.com/Kimidarious/projeto-pratico-neocamp-wave15-squad68.git/internal/service/user_service.go:53.5,53.21 1 1
github.com/Kimidarious/projeto-pratico-neocamp-wave15-squad68.git/internal/service/user_service.go:56.70,58.2 1 0
github.com/Kimidarious/projeto-pratico-neocamp-wave15-squad68.git/internal/service/user_service.go:60.65,62.2 1 0
github.com/Kimidarious/projeto-pratico-neocamp-wave15-squad68.git/internal/service/user_service.go:64.112,66.19 2 0
github.com/Kimidarious/projeto-pratico-neocamp-wave15-squad68.git/internal/service/user_service.go:66.19,68.6 1 0
github.com/Kimidarious/projeto-pratico-neocamp-wave15-squad68.git/internal/service/user_service.go:71.5,71.23 1 0
github.com/Kimidarious/projeto-pratico-neocamp-wave15-squad68.git/internal/service/user_service.go:71.23,73.6 1 0
github.com/Kimidarious/projeto-pratico-neocamp-wave15-squad68.git/internal/service/user_service.go:75.5,75.23 1 0
github.com/Kimidarious/projeto-pratico-neocamp-wave15-squad68.git/internal/service/user_service.go:75.23,76.117 1 0
github.com/Kimidarious/projeto-pratico-neocamp-wave15-squad68.git/internal/service/user_service.go:76.117,78.10 1 0
github.com/Kimidarious/projeto-pratico-neocamp-wave15-squad68.git/internal/service/user_service.go:79.9,79.33 1 0
github.com/Kimidarious/projeto-pratico-neocamp-wave15-squad68.git/internal/service/user_service.go:82.5,82.51 1 0
github.com/Kimidarious/projeto-pratico-neocamp-wave15-squad68.git/internal/service/user_service.go:82.51,84.6 1 0
github.com/Kimidarious/projeto-pratico-neocamp-wave15-squad68.git/internal/service/user_service.go:86.5,86.21 1 0
github.com/Kimidarious/projeto-pratico-neocamp-wave15-squad68.git/internal/service/user_service.go:89.53,90.35 1 1
github.com/Kimidarious/projeto-pratico-neocamp-wave15-squad68.git/internal/service/user_service.go:90.35,92.6 1 1
github.com/Kimidarious/projeto-pratico-neocamp-wave15-squad68.git/internal/service/user_service.go:94.5,94.33 1 1
github.com/Kimidarious/projeto-pratico-neocamp-wave15-squad68.git/internal/middleware/cors.go:7.29,8.32 1 0
github.com/Kimidarious/projeto-pratico-neocamp-wave15-squad68.git/internal/middleware/cors.go:8.32,14.38 5 0
github.com/Kimidarious/projeto-pratico-neocamp-wave15-squad68.git/internal/middleware/cors.go:14.38,17.4 2 0
github.com/Kimidarious/projeto-pratico-neocamp-wave15-squad68.git/internal/middleware/cors.go:18.3,18.13 1 0
github.com/Kimidarious/projeto-pratico-neocamp-wave15-squad68.git/internal/domain/follow.go:19.34,21.2 1 0
github.com/Kimidarious/projeto-pratico-neocamp-wave15-squad68.git/internal/domain/follow.go:23.50,24.34 1 0
github.com/Kimidarious/projeto-pratico-neocamp-wave15-squad68.git/internal/domain/follow.go:24.34,26.3 1 0
github.com/Kimidarious/projeto-pratico-neocamp-wave15-squad68.git/internal/domain/follow.go:27.2,27.12 1 0
github.com/Kimidarious/projeto-pratico-neocamp-wave15-squad68.git/internal/domain/post.go:20.32,22.2 1 0
github.com/Kimidarious/projeto-pratico-neocamp-wave15-squad68.git/internal/domain/product.go:17.35,19.2 1 0
github.com/Kimidarious/projeto-pratico-neocamp-wave15-squad68.git/internal/domain/user.go:15.32,17.2 1 0
github.com/Kimidarious/projeto-pratico-neocamp-wave15-squad68.git/internal/repository/follow_repository_impl.go:15.56,17.2 1 0
github.com/Kimidarious/projeto-pratico-neocamp-wave15-squad68.git/internal/repository/follow_repository_impl.go:19.68,21.2 1 0
github.com/Kimidarious/projeto-pratico-neocamp-wave15-squad68.git/internal/repository/follow_repository_impl.go:23.74,26.2 1 0
github.com/Kimidarious/projeto-pratico-neocamp-wave15-squad68.git/internal/repository/follow_repository_impl.go:28.78,34.2 3 0
github.com/Kimidarious/projeto-pratico-neocamp-wave15-squad68.git/internal/repository/follow_repository_impl.go:36.66,42.2 3 0
github.com/Kimidarious/projeto-pratico-neocamp-wave15-squad68.git/internal/repository/follow_repository_impl.go:44.96,52.32 3 0
github.com/Kimidarious/projeto-pratico-neocamp-wave15-squad68.git/internal/repository/follow_repository_impl.go:53.18,54.45 1 0
github.com/Kimidarious/projeto-pratico-neocamp-wave15-squad68.git/internal/repository/follow_repository_impl.go:55.19,56.46 1 0
github.com/Kimidarious/projeto-pratico-neocamp-wave15-squad68.git/internal/repository/follow_repository_impl.go:57.10,58.45 1 0
github.com/Kimidarious/projeto-pratico-neocamp-wave15-squad68.git/internal/repository/follow_repository_impl.go:61.2,62.19 2 0
github.com/Kimidarious/projeto-pratico-neocamp-wave15-squad68.git/internal/repository/follow_repository_impl.go:65.95,73.32 3 0
github.com/Kimidarious/projeto-pratico-neocamp-wave15-squad68.git/internal/repository/follow_repository_impl.go:74.18,75.45 1 0
github.com/Kimidarious/projeto-pratico-neocamp-wave15-squad68.git/internal/repository/follow_repository_impl.go:76.19,77.46 1 0
github.com/Kimidarious/projeto-pratico-neocamp-wave15-squad68.git/internal/repository/follow_repository_impl.go:78.10,79.45 1 0
github.com/Kimidarious/projeto-pratico-neocamp-wave15-squad68.git/internal/repository/follow_repository_impl.go:82.2,83.19 2 0
github.com/Kimidarious/projeto-pratico-neocamp-wave15-squad68.git/internal/repository/post_repository_impl.go:17.52,19.2 1 0
github.com/Kimidarious/projeto-pratico-neocamp-wave15-squad68.git/internal/repository/post_repository_impl.go:21.62,23.2 1 0
github.com/Kimidarious/projeto-pratico-neocamp-wave15-squad68.git/internal/repository/post_repository_impl.go:25.70,28.25 3 0
github.com/Kimidarious/projeto-pratico-neocamp-wave15-squad68.git/internal/repository/post_repository_impl.go:28.25,29.54 1 0
github.com/Kimidarious/projeto-pratico-neocamp-wave15-squad68.git/internal/repository/post_repository_impl.go:29.54,31.4 1 0
github.com/Kimidarious/projeto-pratico-neocamp-wave15-squad68.git/internal/repository/post_repository_impl.go:32.3,32.27 1 0
github.com/Kimidarious/projeto-pratico-neocamp-wave15-squad68.git/internal/repository/post_repository_impl.go:34.2,34.19 1 0
github.com/Kimidarious/projeto-pratico-neocamp-wave15-squad68.git/internal/repository/post_repository_impl.go:37.82,44.2 3 0
github.com/Kimidarious/projeto-pratico-neocamp-wave15-squad68.git/internal/repository/post_repository_impl.go:46.141,54.32 3 0
github.com/Kimidarious/projeto-pratico-neocamp-wave15-squad68.git/internal/repository/post_repository_impl.go:55.18,56.34 1 0
github.com/Kimidarious/projeto-pratico-neocamp-wave15-squad68.git/internal/repository/post_repository_impl.go:57.19,58.35 1 0
github.com/Kimidarious/projeto-pratico-neocamp-wave15-squad68.git/internal/repository/post_repository_impl.go:59.10,60.35 1 0
github.com/Kimidarious/projeto-pratico-neocamp-wave15-squad68.git/internal/repository/post_repository_impl.go:63.2,64.19 2 0
github.com/Kimidarious/projeto-pratico-neocamp-wave15-squad68.git/internal/repository/post_repository_impl.go:67.71,73.2 3 0
github.com/Kimidarious/projeto-pratico-neocamp-wave15-squad68.git/internal/repository/post_repository_impl.go:75.87,82.2 3 0
github.com/Kimidarious/projeto-pratico-neocamp-wave15-squad68.git/internal/repository/product_repository_impl.go:15.58,17.2 1 0
github.com/Kimidarious/projeto-pratico-neocamp-wave15-squad68.git/internal/repository/product_repository_impl.go:19.71,21.2 1 0
github.com/Kimidarious/projeto-pratico-neocamp-wave15-squad68.git/internal/repository/product_repository_impl.go:23.76,26.25 3 0
github.com/Kimidarious/projeto-pratico-neocamp-wave15-squad68.git/internal/repository/product_repository_impl.go:26.25,27.54 1 0
github.com/Kimidarious/projeto-pratico-neocamp-wave15-squad68.git/internal/repository/product_repository_impl.go:27.54,29.4 1 0
github.com/Kimidarious/projeto-pratico-neocamp-wave15-squad68.git/internal/repository/product_repository_impl.go:30.3,30.27 1 0
github.com/Kimidarious/projeto-pratico-neocamp-wave15-squad68.git/internal/repository/product_repository_impl.go:32.2,32.22 1 0
github.com/Kimidarious/projeto-pratico-neocamp-wave15-squad68.git/internal/repository/user_repository_impl.go:13.52,15.2 1 0
github.com/Kimidarious/projeto-pratico-neocamp-wave15-squad68.git/internal/repository/user_repository_impl.go:17.70,20.28 3 0
github.com/Kimidarious/projeto-pratico-neocamp-wave15-squad68.git/internal/repository/user_repository_impl.go:20.28,21.60 1 0
github.com/Kimidarious/projeto-pratico-neocamp-wave15-squad68.git/internal/repository/user_repository_impl.go:21.60,23.10 1 0
github.com/Kimidarious/projeto-pratico-neocamp-wave15-squad68.git/internal/repository/user_repository_impl.go:24.9,24.33 1 0
github.com/Kimidarious/projeto-pratico-neocamp-wave15-squad68.git/internal/repository/user_repository_impl.go:26.5,26.22 1 0
github.com/Kimidarious/projeto-pratico-neocamp-wave15-squad68.git/internal/repository/user_repository_impl.go:29.64,32.28 3 0
github.com/Kimidarious/projeto-pratico-neocamp-wave15-squad68.git/internal/repository/user_repository_impl.go:32.28,34.6 1 0
github.com/Kimidarious/projeto-pratico-neocamp-wave15-squad68.git/internal/repository/user_repository_impl.go:35.5,35.22 1 0
github.com/Kimidarious/projeto-pratico-neocamp-wave15-squad68.git/internal/repository/user_repository_impl.go:38.62,40.2 1 0
github.com/Kimidarious/projeto-pratico-neocamp-wave15-squad68.git/internal/repository/user_repository_impl.go:42.55,46.2 3 0
github.com/Kimidarious/projeto-pratico-neocamp-wave15-squad68.git/internal/repository/user_repository_impl.go:48.84,51.28 3 0
github.com/Kimidarious/projeto-pratico-neocamp-wave15-squad68.git/internal/repository/user_repository_impl.go:51.28,52.60 1 0
github.com/Kimidarious/projeto-pratico-neocamp-wave15-squad68.git/internal/repository/user_repository_impl.go:52.60,54.10 1 0
github.com/Kimidarious/projeto-pratico-neocamp-wave15-squad68.git/internal/repository/user_repository_impl.go:55.9,55.33 1 0
github.com/Kimidarious/projeto-pratico-neocamp-wave15-squad68.git/internal/repository/user_repository_impl.go:57.5,57.22 1 0
github.com/Kimidarious/projeto-pratico-neocamp-wave15-squad68.git/internal/repository/user_repository_impl.go:60.62,62.2 1 0
github.com/Kimidarious/projeto-pratico-neocamp-wave15-squad68.git/internal/repository/user_repository_impl.go:64.52,66.2 1 0
github.com/Kimidarious/projeto-pratico-neocamp-wave15-squad68.git/internal/repository/mocks/follow_repository_mock.go:12.68,15.2 2 0
github.com/Kimidarious/projeto-pratico-neocamp-wave15-squad68.git/internal/repository/mocks/follow_repository_mock.go:17.74,20.2 2 0
github.com/Kimidarious/projeto-pratico-neocamp-wave15-squad68.git/internal/repository/mocks/follow_repository_mock.go:22.78,25.2 2 0
github.com/Kimidarious/projeto-pratico-neocamp-wave15-squad68.git/internal/repository/mocks/follow_repository_mock.go:27.66,30.2 2 0
github.com/Kimidarious/projeto-pratico-neocamp-wave15-squad68.git/internal/repository/mocks/follow_repository_mock.go:32.96,34.24 2 0
github.com/Kimidarious/projeto-pratico-neocamp-wave15-squad68.git/internal/repository/mocks/follow_repository_mock.go:34.24,36.3 1 0
github.com/Kimidarious/projeto-pratico-neocamp-wave15-squad68.git/internal/repository/mocks/follow_repository_mock.go:37.2,37.52 1 0
github.com/Kimidarious/projeto-pratico-neocamp-wave15-squad68.git/internal/repository/mocks/follow_repository_mock.go:40.95,42.24 2 0
github.com/Kimidarious/projeto-pratico-neocamp-wave15-squad68.git/internal/repository/mocks/follow_repository_mock.go:42.24,44.3 1 0
github.com/Kimidarious/projeto-pratico-neocamp-wave15-squad68.git/internal/repository/mocks/follow_repository_mock.go:45.2,45.52 1 0
github.com/Kimidarious/projeto-pratico-neocamp-wave15-squad68.git/internal/repository/mocks/post_repository_mock.go:14.62,17.2 2 0
github.com/Kimidarious/projeto-pratico-neocamp-wave15-squad68.git/internal/repository/mocks/post_repository_mock.go:19.70,21.24 2 0
github.com/Kimidarious/projeto-pratico-neocamp-wave15-squad68.git/internal/repository/mocks/post_repository_mock.go:21.24,23.3 1 0
github.com/Kimidarious/projeto-pratico-neocamp-wave15-squad68.git/internal/repository/mocks/post_repository_mock.go:24.2,24.50 1 0
github.com/Kimidarious/projeto-pratico-neocamp-wave15-squad68.git/internal/repository/mocks/post_repository_mock.go:27.82,29.24 2 0
github.com/Kimidarious/projeto-pratico-neocamp-wave15-squad68.git/internal/repository/mocks/post_repository_mock.go:29.24,31.3 1 0
github.com/Kimidarious/projeto-pratico-neocamp-wave15-squad68.git/internal/repository/mocks/post_repository_mock.go:32.2,32.52 1 0
github.com/Kimidarious/projeto-pratico-neocamp-wave15-squad68.git/internal/repository/mocks/post_repository_mock.go:35.141,37.24 2 0
github.com/Kimidarious/projeto-pratico-neocamp-wave15-squad68.git/internal/repository/mocks/post_repository_mock.go:37.24,39.3 1 0
github.com/Kimidarious/projeto-pratico-neocamp-wave15-squad68.git/internal/repository/mocks/post_repository_mock.go:40.2,40.52 1 0
github.com/Kimidarious/projeto-pratico-neocamp-wave15-squad68.git/internal/repository/mocks/post_repository_mock.go:43.71,46.2 2 0
github.com/Kimidarious/projeto-pratico-neocamp-wave15-squad68.git/internal/repository/mocks/post_repository_mock.go:48.87,50.24 2 0
github.com/Kimidarious/projeto-pratico-neocamp-wave15-squad68.git/internal/repository/mocks/post_repository_mock.go:50.24,52.3 1 0
github.com/Kimidarious/projeto-pratico-neocamp-wave15-squad68.git/internal/repository/mocks/post_repository_mock.go:53.2,53.52 1 0
github.com/Kimidarious/projeto-pratico-neocamp-wave15-squad68.git/internal/repository/mocks/product_repository_mock.go:12.71,15.2 2 0
github.com/Kimidarious/projeto-pratico-neocamp-wave15-squad68.git/internal/repository/mocks/product_repository_mock.go:17.76,19.24 2 0
github.com/Kimidarious/projeto-pratico-neocamp-wave15-squad68.git/internal/repository/mocks/product_repository_mock.go:19.24,21.3 1 0
github.com/Kimidarious/projeto-pratico-neocamp-wave15-squad68.git/internal/repository/mocks/product_repository_mock.go:22.2,22.53 1 0
github.com/Kimidarious/projeto-pratico-neocamp-wave15-squad68.git/internal/repository/mocks/user_repository_mock.go:12.62,15.2 2 0
github.com/Kimidarious/projeto-pratico-neocamp-wave15-squad68.git/internal/repository/mocks/user_repository_mock.go:17.70,19.24 2 0
github.com/Kimidarious/projeto-pratico-neocamp-wave15-squad68.git/internal/repository/mocks/user_repository_mock.go:19.24,21.3 1 0
github.com/Kimidarious/projeto-pratico-neocamp-wave15-squad68.git/internal/repository/mocks/user_repository_mock.go:22.2,22.50 1 0
github.com/Kimidarious/projeto-pratico-neocamp-wave15-squad68.git/internal/repository/mocks/user_repository_mock.go:25.84,27.24 2 0
github.com/Kimidarious/projeto-pratico-neocamp-wave15-squad68.git/internal/repository/mocks/user_repository_mock.go:27.24,29.3 1 0
github.com/Kimidarious/projeto-pratico-neocamp-wave15-squad68.git/internal/repository/mocks/user_repository_mock.go:30.2,30.50 1 0
github.com/Kimidarious/projeto-pratico-neocamp-wave15-squad68.git/internal/repository/mocks/user_repository_mock.go:33.64,35.24 2 0
github.com/Kimidarious/projeto-pratico-neocamp-wave15-squad68.git/internal/repository/mocks/user_repository_mock.go:35.24,37.3 1 0
github.com/Kimidarious/projeto-pratico-neocamp-wave15-squad68.git/internal/repository/mocks/user_repository_mock.go:38.2,38.52 1 0
github.com/Kimidarious/projeto-pratico-neocamp-wave15-squad68.git/internal/repository/mocks/user_repository_mock.go:41.62,44.2 2 0
github.com/Kimidarious/projeto-pratico-neocamp-wave15-squad68.git/internal/repository/mocks/user_repository_mock.go:46.52,49.2 2 0
github.com/Kimidarious/projeto-pratico-neocamp-wave15-squad68.git/internal/repository/mocks/user_repository_mock.go:51.55,54.2 2 0
github.com/Kimidarious/projeto-pratico-neocamp-wave15-squad68.git/internal/repository/mocks/user_repository_mock.go:56.69,59.2 2 0
github.com/Kimidarious/projeto-pratico-neocamp-wave15-squad68.git/cmd/api/main.go:39.13,43.16 3 0
github.com/Kimidarious/projeto-pratico-neocamp-wave15-squad68.git/cmd/api/main.go:43.16,45.3 1 0
github.com/Kimidarious/projeto-pratico-neocamp-wave15-squad68.git/cmd/api/main.go:46.2,55.16 3 0
github.com/Kimidarious/projeto-pratico-neocamp-wave15-squad68.git/cmd/api/main.go:55.16,57.3 1 0
github.com/Kimidarious/projeto-pratico-neocamp-wave15-squad68.git/cmd/api/main.go:58.2,77.40 14 0
github.com/Kimidarious/projeto-pratico-neocamp-wave15-squad68.git/cmd/api/main.go:77.40,83.3 1 0
github.com/Kimidarious/projeto-pratico-neocamp-wave15-squad68.git/cmd/api/main.go:85.2,86.2 2 0
github.com/Kimidarious/projeto-pratico-neocamp-wave15-squad68.git/cmd/api/main.go:86.2,88.3 2 0
github.com/Kimidarious/projeto-pratico-neocamp-wave15-squad68.git/cmd/api/main.go:88.3,105.4 10 0
github.com/Kimidarious/projeto-pratico-neocamp-wave15-squad68.git/cmd/api/main.go:107.3,108.3 2 0
github.com/Kimidarious/projeto-pratico-neocamp-wave15-squad68.git/cmd/api/main.go:108.3,118.4 5 0
github.com/Kimidarious/projeto-pratico-neocamp-wave15-squad68.git/cmd/api/main.go:121.2,122.38 2 0
github.com/Kimidarious/projeto-pratico-neocamp-wave15-squad68.git/cmd/api/main.go:122.38,124.3 1 0
github.com/Kimidarious/projeto-pratico-neocamp-wave15-squad68.git/cmd/api/main.go:126.2,142.42 15 0
github.com/Kimidarious/projeto-pratico-neocamp-wave15-squad68.git/cmd/api/main.go:142.42,144.3 1 0
github.com/Kimidarious/projeto-pratico-neocamp-wave15-squad68.git/cmd/api/main.go:147.16,148.40 1 0
github.com/Kimidarious/projeto-pratico-neocamp-wave15-squad68.git/cmd/api/main.go:148.40,151.3 2 0
github.com/Kimidarious/projeto-pratico-neocamp-wave15-squad68.git/cmd/api/main.go:151.8,153.3 1 0
github.com/Kimidarious/projeto-pratico-neocamp-wave15-squad68.git/cmd/api/main.go:155.2,156.16 2 0
github.com/Kimidarious/projeto-pratico-neocamp-wave15-squad68.git/cmd/api/main.go:156.16,160.3 3 0
github.com/Kimidarious/projeto-pratico-neocamp-wave15-squad68.git/cmd/api/main.go:162.2,163.6 2 0
github.com/Kimidarious/projeto-pratico-neocamp-wave15-squad68.git/cmd/api/main.go:163.6,165.45 2 0
github.com/Kimidarious/projeto-pratico-neocamp-wave15-squad68.git/cmd/api/main.go:165.45,167.22 2 0
github.com/Kimidarious/projeto-pratico-neocamp-wave15-squad68.git/cmd/api/main.go:167.22,170.5 2 0
github.com/Kimidarious/projeto-pratico-neocamp-wave15-squad68.git/cmd/api/main.go:171.4,172.10 2 0
github.com/Kimidarious/projeto-pratico-neocamp-wave15-squad68.git/cmd/api/main.go:175.3,176.20 2 0
github.com/Kimidarious/projeto-pratico-neocamp-wave15-squad68.git/cmd/api/main.go:176.20,177.9 1 0
github.com/Kimidarious/projeto-pratico-neocamp-wave15-squad68.git/cmd/api/main.go:179.3,179.15 1 0
github.com/Kimidarious/projeto-pratico-neocamp-wave15-squad68.git/cmd/api/main.go:182.2,182.73 1 0
github.com/Kimidarious/projeto-pratico-neocamp-wave15-squad68.git/cmd/api/main.go:185.46,186.42 1 0
github.com/Kimidarious/projeto-pratico-neocamp-wave15-squad68.git/cmd/api/main.go:186.42,188.3 1 0
github.com/Kimidarious/projeto-pratico-neocamp-wave15-squad68.git/cmd/api/main.go:189.2,189.21 1 0
github.com/Kimidarious/projeto-pratico-neocamp-wave15-squad68.git/docs/docs.go:1068.13,1070.2 1 0
github.com/Kimidarious/projeto-pratico-neocamp-wave15-squad68.git/internal/database/connection.go:24.27,33.2 1 0
github.com/Kimidarious/projeto-pratico-neocamp-wave15-squad68.git/internal/database/connection.go:35.34,38.20 2 0
github.com/Kimidarious/projeto-pratico-neocamp-wave15-squad68.git/internal/database/connection.go:38.20,40.3 1 0
github.com/Kimidarious/projeto-pratico-neocamp-wave15-squad68.git/internal/database/connection.go:41.2,41.24 1 0
github.com/Kimidarious/projeto-pratico-neocamp-wave15-squad68.git/internal/database/connection.go:41.24,43.3 1 0
github.com/Kimidarious/projeto-pratico-neocamp-wave15-squad68.git/internal/database/connection.go:44.2,44.22 1 0
github.com/Kimidarious/projeto-pratico-neocamp-wave15-squad68.git/internal/database/connection.go:44.22,46.3 1 0
github.com/Kimidarious/projeto-pratico-neocamp-wave15-squad68.git/internal/database/connection.go:48.2,60.16 4 0
github.com/Kimidarious/projeto-pratico-neocamp-wave15-squad68.git/internal/database/connection.go:60.16,62.3 1 0
github.com/Kimidarious/projeto-pratico-neocamp-wave15-squad68.git/internal/database/connection.go:64.2,67.16 3 0
github.com/Kimidarious/projeto-pratico-neocamp-wave15-squad68.git/internal/database/connection.go:71.60,73.2 1 0
github.com/Kimidarious/projeto-pratico-neocamp-wave15-squad68.git/internal/database/connection.go:75.20,76.15 1 0
github.com/Kimidarious/projeto-pratico-neocamp-wave15-squad68.git/internal/database/connection.go:76.15,78.17 2 0
github.com/Kimidarious/projeto-pratico-neocamp-wave15-squad68.git/internal/database/connection.go:78.17,80.4 1 0
github.com/Kimidarious/projeto-pratico-neocamp-wave15-squad68.git/internal/database/connection.go:81.3,81.23 1 0
github.com/Kimidarious/projeto-pratico-neocamp-wave15-squad68.git/internal/database/connection.go:83.2,83.12 1 0
github.com/Kimidarious/projeto-pratico-neocamp-wave15-squad68.git/internal/database/connection.go:86.42,87.42 1 0
github.com/Kimidarious/projeto-pratico-neocamp-wave15-squad68.git/internal/database/connection.go:87.42,89.3 1 0
github.com/Kimidarious/projeto-pratico-neocamp-wave15-squad68.git/internal/database/connection.go:90.2,90.17 1 0
github.com/Kimidarious/projeto-pratico-neocamp-wave15-squad68.git/internal/handler/product_handler.go:17.73,21.2 1 0
github.com/Kimidarious/projeto-pratico-neocamp-wave15-squad68.git/internal/handler/product_handler.go:33.53,36.47 2 0
github.com/Kimidarious/projeto-pratico-neocamp-wave15-squad68.git/internal/handler/product_handler.go:36.47,39.3 2 0
github.com/Kimidarious/projeto-pratico-neocamp-wave15-squad68.git/internal/handler/product_handler.go:41.2,41.54 1 0
github.com/Kimidarious/projeto-pratico-neocamp-wave15-squad68.git/internal/handler/product_handler.go:41.54,44.3 2 0
github.com/Kimidarious/projeto-pratico-neocamp-wave15-squad68.git/internal/handler/product_handler.go:46.2,46.30 1 0
github.com/Kimidarious/projeto-pratico-neocamp-wave15-squad68.git/internal/handler/product_handler.go:59.58,62.47 2 0
github.com/Kimidarious/projeto-pratico-neocamp-wave15-squad68.git/internal/handler/product_handler.go:62.47,65.3 2 0
github.com/Kimidarious/projeto-pratico-neocamp-wave15-squad68.git/internal/handler/product_handler.go:67.2,67.59 1 0
github.com/Kimidarious/projeto-pratico-neocamp-wave15-squad68.git/internal/handler/product_handler.go:67.59,70.3 2 0
github.com/Kimidarious/projeto-pratico-neocamp-wave15-squad68.git/internal/handler/product_handler.go:72.2,72.30 1 0
github.com/Kimidarious/projeto-pratico-neocamp-wave15-squad68.git/internal/handler/product_handler.go:87.59,89.16 2 0
github.com/Kimidarious/projeto-pratico-neocamp-wave15-squad68.git/internal/handler/product_handler.go:89.16,92.3 2 0
github.com/Kimidarious/projeto-pratico-neocamp-wave15-squad68.git/internal/handler/product_handler.go:94.2,97.16 3 0
github.com/Kimidarious/projeto-pratico-neocamp-wave15-squad68.git/internal/handler/product_handler.go:97.16,100.3 2 0
github.com/Kimidarious/projeto-pratico-neocamp-wave15-squad68.git/internal/handler/product_handler.go:102.2,102.31 1 0
github.com/Kimidarious/projeto-pratico-neocamp-wave15-squad68.git/internal/handler/product_handler.go:116.61,118.16 2 0
github.com/Kimidarious/projeto-pratico-neocamp-wave15-squad68.git/internal/handler/product_handler.go:118.16,121.3 2 0
github.com/Kimidarious/projeto-pratico-neocamp-wave15-squad68.git/internal/handler/product_handler.go:123.2,124.16 2 0
github.com/Kimidarious/projeto-pratico-neocamp-wave15-squad68.git/internal/handler/product_handler.go:124.16,127.3 2 0
github.com/Kimidarious/projeto-pratico-neocamp-wave15-squad68.git/internal/handler/product_handler.go:129.2,129.31 1 0
github.com/Kimidarious/projeto-pratico-neocamp-wave15-squad68.git/internal/handler/product_handler.go:143.62,145.16 2 0
github.com/Kimidarious/projeto-pratico-neocamp-wave15-squad68.git/internal/handler/product_handler.go:145.16,148.3 2 0
github.com/Kimidarious/projeto-pratico-neocamp-wave15-squad68.git/internal/handler/product_handler.go:150.2,151.16 2 0
github.com/Kimidarious/projeto-pratico-neocamp-wave15-squad68.git/internal/handler/product_handler.go:151.16,154.3 2 0
github.com/Kimidarious/projeto-pratico-neocamp-wave15-squad68.git/internal/handler/product_handler.go:156.2,156.31 1 0
github.com/Kimidarious/projeto-pratico-neocamp-wave15-squad68.git/internal/handler/user_crud_handler copy.go:16.75,20.2 1 0
github.com/Kimidarious/projeto-pratico-neocamp-wave15-squad68.git/internal/handler/user_crud_handler copy.go:32.54,35.47 2 0
github.com/Kimidarious/projeto-pratico-neocamp-wave15-squad68.git/internal/handler/user_crud_handler copy.go:35.47,38.3 2 0
github.com/Kimidarious/projeto-pratico-neocamp-wave15-squad68.git/internal/handler/user_crud_handler copy.go:40.2,41.16 2 0
github.com/Kimidarious/projeto-pratico-neocamp-wave15-squad68.git/internal/handler/user_crud_handler copy.go:41.16,44.3 2 0
github.com/Kimidarious/projeto-pratico-neocamp-wave15-squad68.git/internal/handler/user_crud_handler copy.go:46.2,46.34 1 0
github.com/Kimidarious/projeto-pratico-neocamp-wave15-squad68.git/internal/handler/user_crud_handler copy.go:60.51,62.16 2 0
github.com/Kimidarious/projeto-pratico-neocamp-wave15-squad68.git/internal/handler/user_crud_handler copy.go:62.16,65.3 2 0
github.com/Kimidarious/projeto-pratico-neocamp-wave15-squad68.git/internal/handler/user_crud_handler copy.go:67.2,68.16 2 0
github.com/Kimidarious/projeto-pratico-neocamp-wave15-squad68.git/internal/handler/user_crud_handler copy.go:68.16,71.3 2 0
github.com/Kimidarious/projeto-pratico-neocamp-wave15-squad68.git/internal/handler/user_crud_handler copy.go:73.2,73.29 1 0
github.com/Kimidarious/projeto-pratico-neocamp-wave15-squad68.git/internal/handler/user_crud_handler copy.go:85.55,87.16 2 0
github.com/Kimidarious/projeto-pratico-neocamp-wave15-squad68.git/internal/handler/user_crud_handler copy.go:87.16,90.3 2 0
github.com/Kimidarious/projeto-pratico-neocamp-wave15-squad68.git/internal/handler/user_crud_handler copy.go:92.2,92.30 1 0
github.com/Kimidarious/projeto-pratico-neocamp-wave15-squad68.git/internal/handler/user_crud_handler copy.go:107.54,109.16 2 0
github.com/Kimidarious/projeto-pratico-neocamp-wave15-squad68.git/internal/handler/user_crud_handler copy.go:109.16,112.3 2 0
github.com/Kimidarious/projeto-pratico-neocamp-wave15-squad68.git/internal/handler/user_crud_handler copy.go:114.2,115.47 2 0
github.com/Kimidarious/projeto-pratico-neocamp-wave15-squad68.git/internal/handler/user_crud_handler copy.go:115.47,118.3 2 0
github.com/Kimidarious/projeto-pratico-neocamp-wave15-squad68.git/internal/handler/user_crud_handler copy.go:120.2,121.16 2 0
github.com/Kimidarious/projeto-pratico-neocamp-wave15-squad68.git/internal/handler/user_crud_handler copy.go:121.16,124.3 2 0
github.com/Kimidarious/projeto-pratico-neocamp-wave15-squad68.git/internal/handler/user_crud_handler copy.go:126.2,126.29 1 0
github.com/Kimidarious/projeto-pratico-neocamp-wave15-squad68.git/internal/handler/user_crud_handler copy.go:140.54,142.16 2 0
github.com/Kimidarious/projeto-pratico-neocamp-wave15-squad68.git/internal/handler/user_crud_handler copy.go:142.16,145.3 2 0
github.com/Kimidarious/projeto-pratico-neocamp-wave15-squad68.git/internal/handler/user_crud_handler copy.go:147.2,147.59 1 0
github.com/Kimidarious/projeto-pratico-neocamp-wave15-squad68.git/internal/handler/user_crud_handler copy.go:147.59,150.3 2 0
github.com/Kimidarious/projeto-pratico-neocamp-wave15-squad68.git/internal/handler/user_crud_handler copy.go:152.2,152.32 1 0
github.com/Kimidarious/projeto-pratico-neocamp-wave15-squad68.git/internal/handler/user_handler.go:17.71,21.2 1 0
github.com/Kimidarious/projeto-pratico-neocamp-wave15-squad68.git/internal/handler/user_handler.go:34.50,36.16 2 0
github.com/Kimidarious/projeto-pratico-neocamp-wave15-squad68.git/internal/handler/user_handler.go:36.16,39.3 2 0
github.com/Kimidarious/projeto-pratico-neocamp-wave15-squad68.git/internal/handler/user_handler.go:41.2,42.16 2 0
github.com/Kimidarious/projeto-pratico-neocamp-wave15-squad68.git/internal/handler/user_handler.go:42.16,45.3 2 0
github.com/Kimidarious/projeto-pratico-neocamp-wave15-squad68.git/internal/handler/user_handler.go:47.2,47.87 1 0
github.com/Kimidarious/projeto-pratico-neocamp-wave15-squad68.git/internal/handler/user_handler.go:47.87,50.3 2 0
github.com/Kimidarious/projeto-pratico-neocamp-wave15-squad68.git/internal/handler/user_handler.go:52.2,52.71 1 0
github.com/Kimidarious/projeto-pratico-neocamp-wave15-squad68.git/internal/handler/user_handler.go:66.52,68.16 2 0
github.com/Kimidarious/projeto-pratico-neocamp-wave15-squad68.git/internal/handler/user_handler.go:68.16,71.3 2 0
github.com/Kimidarious/projeto-pratico-neocamp-wave15-squad68.git/internal/handler/user_handler.go:73.2,74.16 2 0
github.com/Kimidarious/projeto-pratico-neocamp-wave15-squad68.git/internal/handler/user_handler.go:74.16,77.3 2 0
github.com/Kimidarious/projeto-pratico-neocamp-wave15-squad68.git/internal/handler/user_handler.go:79.2,79.89 1 0
github.com/Kimidarious/projeto-pratico-neocamp-wave15-squad68.git/internal/handler/user_handler.go:79.89,82.3 2 0
github.com/Kimidarious/projeto-pratico-neocamp-wave15-squad68.git/internal/handler/user_handler.go:84.2,84.73 1 0
github.com/Kimidarious/projeto-pratico-neocamp-wave15-squad68.git/internal/handler/user_handler.go:98.57,100.16 2 0
github.com/Kimidarious/projeto-pratico-neocamp-wave15-squad68.git/internal/handler/user_handler.go:100.16,103.3 2 0
github.com/Kimidarious/projeto-pratico-neocamp-wave15-squad68.git/internal/handler/user_handler.go:105.2,106.16 2 0
github.com/Kimidarious/projeto-pratico-neocamp-wave15-squad68.git/internal/handler/user_handler.go:106.16,109.3 2 0
github.com/Kimidarious/projeto-pratico-neocamp-wave15-squad68.git/internal/handler/user_handler.go:111.2,111.31 1 0
github.com/Kimidarious/projeto-pratico-neocamp-wave15-squad68.git/internal/handler/user_handler.go:127.56,129.16 2 0
github.com/Kimidarious/projeto-pratico-neocamp-wave15-squad68.git/internal/handler/user_handler.go:129.16,132.3 2 0
github.com/Kimidarious/projeto-pratico-neocamp-wave15-squad68.git/internal/handler/user_handler.go:134.2,137.16 3 0
github.com/Kimidarious/projeto-pratico-neocamp-wave15-squad68.git/internal/handler/user_handler.go:137.16,140.3 2 0
github.com/Kimidarious/projeto-pratico-neocamp-wave15-squad68.git/internal/handler/user_handler.go:142.2,142.31 1 0
github.com/Kimidarious/projeto-pratico-neocamp-wave15-squad68.git/internal/handler/user_handler.go:157.55,159.16 2 0
github.com/Kimidarious/projeto-pratico-neocamp-wave15-squad68.git/internal/handler/user_handler.go:159.16,162.3 2 0
github.com/Kimidarious/projeto-pratico-neocamp-wave15-squad68.git/internal/handler/user_handler.go:164.2,167.16 3 0
github.com/Kimidarious/projeto-pratico-neocamp-wave15-squad68.git/internal/handler/user_handler.go:167.16,170.3 2 0
github.com/Kimidarious/projeto-pratico-neocamp-wave15-squad68.git/internal/handler/user_handler.go:172.2,172.31 1 0
